// Jest Snapshot v1, https://goo.gl/fbAQLP

exports[`withReviewForm is render correctly 1`] = `<div />`;
