// Jest Snapshot v1, https://goo.gl/fbAQLP

exports[`FavoriteLocationList render correctly 1`] = `
<li
  className="favorites__locations-items"
>
  <div
    className="favorites__locations locations locations--current"
  >
    <div
      className="locations__item"
    >
      <a
        className="locations__item-link"
      >
        <span>
          Paris
        </span>
      </a>
    </div>
  </div>
  <div
    className="favorites__places"
  >
    <FavoritePlaceCard
      favoriteOffer={
        Object {
          "accommodation": Object {
            "bedroomsCount": 0,
            "features": Array [],
            "guestsLimit": 0,
            "isPremium": true,
            "price": 0,
            "rating": 0,
            "title": "",
            "type": "",
          },
          "city": "",
          "cityLocation": Object {
            "latitude": 0,
            "longitude": 0,
            "zoom": 0,
          },
          "coordinates": Array [
            0,
            0,
          ],
          "description": "",
          "host": Object {
            "avatar": "",
            "isPro": true,
            "name": "",
          },
          "id": 1,
          "images": Array [],
          "isFavorite": false,
          "previewImage": "",
        }
      }
    />
    <FavoritePlaceCard
      favoriteOffer={
        Object {
          "accommodation": Object {
            "bedroomsCount": 0,
            "features": Array [
              "",
            ],
            "guestsLimit": 0,
            "isPremium": false,
            "price": 0,
            "rating": 0,
            "title": "",
            "type": "",
          },
          "city": "",
          "cityLocation": Object {
            "latitude": 0,
            "longitude": 0,
            "zoom": 0,
          },
          "coordinates": Array [
            0,
            0,
          ],
          "description": "",
          "host": Object {
            "avatar": "",
            "isPro": true,
            "name": "",
          },
          "id": 0,
          "images": Array [],
          "isFavorite": true,
          "previewImage": "",
        }
      }
    />
  </div>
</li>
`;
