// Jest Snapshot v1, https://goo.gl/fbAQLP

exports[`Header render correctly 1`] = `
<header
  className="header"
>
  <div
    className="container"
  >
    <div
      className="header__wrapper"
    >
      <div
        className="header__left"
      >
        <a
          className="header__logo-link"
          href="/"
          onClick={[Function]}
        >
          <img
            alt="6 cities logo"
            className="header__logo"
            height="41"
            src="img/logo.svg"
            width="81"
          />
        </a>
      </div>
      <nav
        className="header__nav"
      >
        <ul
          className="header__nav-list"
        />
      </nav>
    </div>
  </div>
</header>
`;
