// Jest Snapshot v1, https://goo.gl/fbAQLP

exports[`Review render correctly 1`] = `
<li
  className="reviews__item"
>
  <div
    className="reviews__user user"
  >
    <div
      className="reviews__avatar-wrapper user__avatar-wrapper"
    >
      <img
        alt="Reviews avatar"
        className="reviews__avatar user__avatar"
        height="54"
        src="https://assets.htmlacademy.ru/intensives/javascript-3/avatar/3.jpg"
        width="54"
      />
    </div>
    <span
      className="reviews__user-name"
    >
      Isaac
    </span>
  </div>
  <div
    className="reviews__info"
  >
    <div
      className="reviews__rating rating"
    >
      <div
        className="reviews__stars rating__stars"
      >
        <span
          style={
            Object {
              "width": "80%",
            }
          }
        />
        <span
          className="visually-hidden"
        >
          Rating
        </span>
      </div>
    </div>
    <p
      className="reviews__text"
    >
      Bathed in the nature. Completely unplugged. Unforgettable.
    </p>
    <time
      className="reviews__time"
      dateTime="2020-10-27"
    >
      October 2020
    </time>
  </div>
</li>
`;
