// Jest Snapshot v1, https://goo.gl/fbAQLP

exports[`ReviewList render correctly 1`] = `
Array [
  <h2
    className="reviews__title"
  >
    Reviews Â· 
    <span
      className="reviews__amount"
    >
      2
    </span>
  </h2>,
  <ul
    className="reviews__list"
  >
    <Review
      comment={
        Object {
          "avatar": "",
          "date": 2020-11-07T21:00:00.000Z,
          "isPro": true,
          "name": "",
          "rating": 0,
        }
      }
    />
    <Review
      comment={
        Object {
          "avatar": "",
          "date": 2020-10-07T21:00:00.000Z,
          "isPro": true,
          "name": "",
          "rating": 0,
        }
      }
    />
  </ul>,
]
`;
