// Jest Snapshot v1, https://goo.gl/fbAQLP

exports[`withOpen is render correctly 1`] = `<div />`;
