// Jest Snapshot v1, https://goo.gl/fbAQLP

exports[`Loading render correctly 1`] = `
<h2
  style={
    Object {
      "left": "50%",
      "position": "absolute",
      "top": "50%",
      "transform": "translate(-50%, -50%)",
    }
  }
>
  Loading...
</h2>
`;
